nodes
| tst-IncompleteUrlSubstringSanitization.js:4:15:4:26 | "secure.com" |
| tst-IncompleteUrlSubstringSanitization.js:5:15:5:26 | "secure.net" |
| tst-IncompleteUrlSubstringSanitization.js:6:15:6:27 | ".secure.com" |
| tst-IncompleteUrlSubstringSanitization.js:10:15:10:26 | "secure.com" |
| tst-IncompleteUrlSubstringSanitization.js:11:15:11:26 | "secure.com" |
| tst-IncompleteUrlSubstringSanitization.js:12:15:12:26 | "secure.com" |
| tst-IncompleteUrlSubstringSanitization.js:14:18:14:37 | "https://secure.com" |
| tst-IncompleteUrlSubstringSanitization.js:15:16:15:27 | "secure.com" |
| tst-IncompleteUrlSubstringSanitization.js:16:16:16:28 | ".secure.com" |
| tst-IncompleteUrlSubstringSanitization.js:17:18:17:30 | "secure.com/" |
| tst-IncompleteUrlSubstringSanitization.js:18:15:18:27 | "secure.com/" |
| tst-IncompleteUrlSubstringSanitization.js:20:16:20:27 | "secure.com" |
| tst-IncompleteUrlSubstringSanitization.js:32:15:32:34 | "https://secure.com" |
| tst-IncompleteUrlSubstringSanitization.js:33:15:33:38 | "https: ... om:443" |
| tst-IncompleteUrlSubstringSanitization.js:34:15:34:35 | "https: ... e.com/" |
| tst-IncompleteUrlSubstringSanitization.js:52:15:52:40 | "https: ... ternal" |
| tst-IncompleteUrlSubstringSanitization.js:55:18:55:43 | "https: ... ternal" |
| tst-IncompleteUrlSubstringSanitization.js:56:15:56:44 | 'https: ... al.org' |
| tst-IncompleteUrlSubstringSanitization.js:57:15:57:44 | 'https: ... al.org' |
| tst-IncompleteUrlSubstringSanitization.js:58:16:58:29 | "internal.com" |
| tst-IncompleteUrlSubstringSanitization.js:59:18:59:46 | "https: ... nal:80" |
| tst-IncompleteUrlSubstringSanitization.js:61:12:61:23 | "secure.com" |
| tst-IncompleteUrlSubstringSanitization.js:62:12:62:23 | "secure.com" |
| tst-IncompleteUrlSubstringSanitization.js:63:14:63:25 | "secure.com" |
| tst-IncompleteUrlSubstringSanitization.js:64:14:64:25 | "secure.com" |
| tst-IncompleteUrlSubstringSanitization.js:66:17:66:28 | "secure.com" |
| tst-IncompleteUrlSubstringSanitization.js:72:6:75:2 | trustedDomains |
| tst-IncompleteUrlSubstringSanitization.js:72:23:75:2 | [\\n\\t\\t"se ... com"\\n\\t] |
| tst-IncompleteUrlSubstringSanitization.js:73:3:73:15 | "secure1.com" |
| tst-IncompleteUrlSubstringSanitization.js:74:3:74:16 | ".secure2.com" |
| tst-IncompleteUrlSubstringSanitization.js:77:12:77:24 | trustedDomain |
| tst-IncompleteUrlSubstringSanitization.js:77:29:77:42 | trustedDomains |
| tst-IncompleteUrlSubstringSanitization.js:78:24:78:36 | trustedDomain |
edges
| tst-IncompleteUrlSubstringSanitization.js:72:6:75:2 | trustedDomains | tst-IncompleteUrlSubstringSanitization.js:76:2:76:1 | trustedDomains |
| tst-IncompleteUrlSubstringSanitization.js:72:6:75:2 | trustedDomains | tst-IncompleteUrlSubstringSanitization.js:77:29:77:42 | trustedDomains |
| tst-IncompleteUrlSubstringSanitization.js:72:23:75:2 | [\\n\\t\\t"se ... com"\\n\\t] | tst-IncompleteUrlSubstringSanitization.js:72:6:75:2 | trustedDomains |
| tst-IncompleteUrlSubstringSanitization.js:73:3:73:15 | "secure1.com" | tst-IncompleteUrlSubstringSanitization.js:72:23:75:2 | [\\n\\t\\t"se ... com"\\n\\t] |
| tst-IncompleteUrlSubstringSanitization.js:74:3:74:16 | ".secure2.com" | tst-IncompleteUrlSubstringSanitization.js:72:23:75:2 | [\\n\\t\\t"se ... com"\\n\\t] |
| tst-IncompleteUrlSubstringSanitization.js:76:2:76:1 | trustedDomains | tst-IncompleteUrlSubstringSanitization.js:77:29:77:42 | trustedDomains |
| tst-IncompleteUrlSubstringSanitization.js:77:12:77:24 | trustedDomain | tst-IncompleteUrlSubstringSanitization.js:78:24:78:36 | trustedDomain |
| tst-IncompleteUrlSubstringSanitization.js:77:29:77:42 | trustedDomains | tst-IncompleteUrlSubstringSanitization.js:77:12:77:24 | trustedDomain |
#select
| tst-IncompleteUrlSubstringSanitization.js:4:15:4:26 | "secure.com" | tst-IncompleteUrlSubstringSanitization.js:4:15:4:26 | "secure.com" | tst-IncompleteUrlSubstringSanitization.js:4:15:4:26 | "secure.com" | '$@' can be anywhere in the URL, and arbitrary hosts may come before or after it. | tst-IncompleteUrlSubstringSanitization.js:4:15:4:26 | "secure.com" | secure.com |
| tst-IncompleteUrlSubstringSanitization.js:5:15:5:26 | "secure.net" | tst-IncompleteUrlSubstringSanitization.js:5:15:5:26 | "secure.net" | tst-IncompleteUrlSubstringSanitization.js:5:15:5:26 | "secure.net" | '$@' can be anywhere in the URL, and arbitrary hosts may come before or after it. | tst-IncompleteUrlSubstringSanitization.js:5:15:5:26 | "secure.net" | secure.net |
| tst-IncompleteUrlSubstringSanitization.js:6:15:6:27 | ".secure.com" | tst-IncompleteUrlSubstringSanitization.js:6:15:6:27 | ".secure.com" | tst-IncompleteUrlSubstringSanitization.js:6:15:6:27 | ".secure.com" | '$@' can be anywhere in the URL, and arbitrary hosts may come before or after it. | tst-IncompleteUrlSubstringSanitization.js:6:15:6:27 | ".secure.com" | .secure.com |
| tst-IncompleteUrlSubstringSanitization.js:10:15:10:26 | "secure.com" | tst-IncompleteUrlSubstringSanitization.js:10:15:10:26 | "secure.com" | tst-IncompleteUrlSubstringSanitization.js:10:15:10:26 | "secure.com" | '$@' can be anywhere in the URL, and arbitrary hosts may come before or after it. | tst-IncompleteUrlSubstringSanitization.js:10:15:10:26 | "secure.com" | secure.com |
| tst-IncompleteUrlSubstringSanitization.js:11:15:11:26 | "secure.com" | tst-IncompleteUrlSubstringSanitization.js:11:15:11:26 | "secure.com" | tst-IncompleteUrlSubstringSanitization.js:11:15:11:26 | "secure.com" | '$@' may be followed by an arbitrary host name. | tst-IncompleteUrlSubstringSanitization.js:11:15:11:26 | "secure.com" | secure.com |
| tst-IncompleteUrlSubstringSanitization.js:12:15:12:26 | "secure.com" | tst-IncompleteUrlSubstringSanitization.js:12:15:12:26 | "secure.com" | tst-IncompleteUrlSubstringSanitization.js:12:15:12:26 | "secure.com" | '$@' can be anywhere in the URL, and arbitrary hosts may come before or after it. | tst-IncompleteUrlSubstringSanitization.js:12:15:12:26 | "secure.com" | secure.com |
| tst-IncompleteUrlSubstringSanitization.js:14:18:14:37 | "https://secure.com" | tst-IncompleteUrlSubstringSanitization.js:14:18:14:37 | "https://secure.com" | tst-IncompleteUrlSubstringSanitization.js:14:18:14:37 | "https://secure.com" | '$@' may be followed by an arbitrary host name. | tst-IncompleteUrlSubstringSanitization.js:14:18:14:37 | "https://secure.com" | https://secure.com |
| tst-IncompleteUrlSubstringSanitization.js:15:16:15:27 | "secure.com" | tst-IncompleteUrlSubstringSanitization.js:15:16:15:27 | "secure.com" | tst-IncompleteUrlSubstringSanitization.js:15:16:15:27 | "secure.com" | '$@' may be preceded by an arbitrary host name. | tst-IncompleteUrlSubstringSanitization.js:15:16:15:27 | "secure.com" | secure.com |
| tst-IncompleteUrlSubstringSanitization.js:20:16:20:27 | "secure.com" | tst-IncompleteUrlSubstringSanitization.js:20:16:20:27 | "secure.com" | tst-IncompleteUrlSubstringSanitization.js:20:16:20:27 | "secure.com" | '$@' can be anywhere in the URL, and arbitrary hosts may come before or after it. | tst-IncompleteUrlSubstringSanitization.js:20:16:20:27 | "secure.com" | secure.com |
| tst-IncompleteUrlSubstringSanitization.js:32:15:32:34 | "https://secure.com" | tst-IncompleteUrlSubstringSanitization.js:32:15:32:34 | "https://secure.com" | tst-IncompleteUrlSubstringSanitization.js:32:15:32:34 | "https://secure.com" | '$@' can be anywhere in the URL, and arbitrary hosts may come before or after it. | tst-IncompleteUrlSubstringSanitization.js:32:15:32:34 | "https://secure.com" | https://secure.com |
| tst-IncompleteUrlSubstringSanitization.js:33:15:33:38 | "https: ... om:443" | tst-IncompleteUrlSubstringSanitization.js:33:15:33:38 | "https: ... om:443" | tst-IncompleteUrlSubstringSanitization.js:33:15:33:38 | "https: ... om:443" | '$@' can be anywhere in the URL, and arbitrary hosts may come before or after it. | tst-IncompleteUrlSubstringSanitization.js:33:15:33:38 | "https: ... om:443" | https://secure.com:443 |
| tst-IncompleteUrlSubstringSanitization.js:34:15:34:35 | "https: ... e.com/" | tst-IncompleteUrlSubstringSanitization.js:34:15:34:35 | "https: ... e.com/" | tst-IncompleteUrlSubstringSanitization.js:34:15:34:35 | "https: ... e.com/" | '$@' can be anywhere in the URL, and arbitrary hosts may come before or after it. | tst-IncompleteUrlSubstringSanitization.js:34:15:34:35 | "https: ... e.com/" | https://secure.com/ |
| tst-IncompleteUrlSubstringSanitization.js:52:15:52:40 | "https: ... ternal" | tst-IncompleteUrlSubstringSanitization.js:52:15:52:40 | "https: ... ternal" | tst-IncompleteUrlSubstringSanitization.js:52:15:52:40 | "https: ... ternal" | '$@' can be anywhere in the URL, and arbitrary hosts may come before or after it. | tst-IncompleteUrlSubstringSanitization.js:52:15:52:40 | "https: ... ternal" | https://example.internal |
| tst-IncompleteUrlSubstringSanitization.js:55:18:55:43 | "https: ... ternal" | tst-IncompleteUrlSubstringSanitization.js:55:18:55:43 | "https: ... ternal" | tst-IncompleteUrlSubstringSanitization.js:55:18:55:43 | "https: ... ternal" | '$@' may be followed by an arbitrary host name. | tst-IncompleteUrlSubstringSanitization.js:55:18:55:43 | "https: ... ternal" | https://example.internal |
| tst-IncompleteUrlSubstringSanitization.js:56:15:56:44 | 'https: ... al.org' | tst-IncompleteUrlSubstringSanitization.js:56:15:56:44 | 'https: ... al.org' | tst-IncompleteUrlSubstringSanitization.js:56:15:56:44 | 'https: ... al.org' | '$@' may be followed by an arbitrary host name. | tst-IncompleteUrlSubstringSanitization.js:56:15:56:44 | 'https: ... al.org' | https://example.internal.org |
| tst-IncompleteUrlSubstringSanitization.js:57:15:57:44 | 'https: ... al.org' | tst-IncompleteUrlSubstringSanitization.js:57:15:57:44 | 'https: ... al.org' | tst-IncompleteUrlSubstringSanitization.js:57:15:57:44 | 'https: ... al.org' | '$@' may be followed by an arbitrary host name. | tst-IncompleteUrlSubstringSanitization.js:57:15:57:44 | 'https: ... al.org' | https://example.internal.org |
| tst-IncompleteUrlSubstringSanitization.js:58:16:58:29 | "internal.com" | tst-IncompleteUrlSubstringSanitization.js:58:16:58:29 | "internal.com" | tst-IncompleteUrlSubstringSanitization.js:58:16:58:29 | "internal.com" | '$@' may be preceded by an arbitrary host name. | tst-IncompleteUrlSubstringSanitization.js:58:16:58:29 | "internal.com" | internal.com |
| tst-IncompleteUrlSubstringSanitization.js:61:12:61:23 | "secure.com" | tst-IncompleteUrlSubstringSanitization.js:61:12:61:23 | "secure.com" | tst-IncompleteUrlSubstringSanitization.js:61:12:61:23 | "secure.com" | '$@' can be anywhere in the URL, and arbitrary hosts may come before or after it. | tst-IncompleteUrlSubstringSanitization.js:61:12:61:23 | "secure.com" | secure.com |
| tst-IncompleteUrlSubstringSanitization.js:62:12:62:23 | "secure.com" | tst-IncompleteUrlSubstringSanitization.js:62:12:62:23 | "secure.com" | tst-IncompleteUrlSubstringSanitization.js:62:12:62:23 | "secure.com" | '$@' can be anywhere in the URL, and arbitrary hosts may come before or after it. | tst-IncompleteUrlSubstringSanitization.js:62:12:62:23 | "secure.com" | secure.com |
| tst-IncompleteUrlSubstringSanitization.js:63:14:63:25 | "secure.com" | tst-IncompleteUrlSubstringSanitization.js:63:14:63:25 | "secure.com" | tst-IncompleteUrlSubstringSanitization.js:63:14:63:25 | "secure.com" | '$@' can be anywhere in the URL, and arbitrary hosts may come before or after it. | tst-IncompleteUrlSubstringSanitization.js:63:14:63:25 | "secure.com" | secure.com |
| tst-IncompleteUrlSubstringSanitization.js:64:14:64:25 | "secure.com" | tst-IncompleteUrlSubstringSanitization.js:64:14:64:25 | "secure.com" | tst-IncompleteUrlSubstringSanitization.js:64:14:64:25 | "secure.com" | '$@' can be anywhere in the URL, and arbitrary hosts may come before or after it. | tst-IncompleteUrlSubstringSanitization.js:64:14:64:25 | "secure.com" | secure.com |
| tst-IncompleteUrlSubstringSanitization.js:66:17:66:28 | "secure.com" | tst-IncompleteUrlSubstringSanitization.js:66:17:66:28 | "secure.com" | tst-IncompleteUrlSubstringSanitization.js:66:17:66:28 | "secure.com" | '$@' can be anywhere in the URL, and arbitrary hosts may come before or after it. | tst-IncompleteUrlSubstringSanitization.js:66:17:66:28 | "secure.com" | secure.com |
| tst-IncompleteUrlSubstringSanitization.js:78:24:78:36 | trustedDomain | tst-IncompleteUrlSubstringSanitization.js:73:3:73:15 | "secure1.com" | tst-IncompleteUrlSubstringSanitization.js:78:24:78:36 | trustedDomain | '$@' may be preceded by an arbitrary host name. | tst-IncompleteUrlSubstringSanitization.js:73:3:73:15 | "secure1.com" | secure1.com |
